2026-08-05 09:10:30,115 Run directory: C:\Users\Sravan\GeMet\MitoSeqGen\experiments\20260805_091030
2026-08-05 09:10:30,130 Environment: {'python_version': '3.10.11 (tags/v3.10.11:7d4cc5a, Apr  5 2023, 00:38:17) [MSC v.1929 64 bit (AMD64)]', 'torch_version': '2.3.0+cu118', 'platform': 'Windows-10-10.0.26200-SP0', 'cuda_available': True, 'gpu_name': 'NVIDIA GeForce RTX 3050', 'gpu_vram_gb': 8.59, 'cuda_version': '11.8'}
2026-08-05 09:10:43,354 device=cuda precision=bf16 cpu_count=28 num_workers=0
2026-08-05 09:10:43,354 Train records=109413 | Val records=4638
2026-08-05 09:10:43,519 Model parameters: 25,203,140
2026-08-05 09:10:44,539 Building auxiliary loss tensors (GC-deviation, soft mt-CAI) from training corpus...
2026-08-05 09:10:48,590 Auxiliary losses active: lambda_gc=0.15 lambda_cai=0.05
2026-08-05 09:27:45,106 Epoch 1/30 | train_loss=1.9134 | val_loss=0.9994 | elapsed=16.9min | train_ce=1.8981 | mean_gc_loss=0.0000 | mean_cai_loss=0.3055
2026-08-05 09:27:45,557 Saved best checkpoint (val_loss=0.9994)
2026-08-05 09:44:43,285 Epoch 2/30 | train_loss=1.0623 | val_loss=0.9701 | elapsed=33.9min | train_ce=1.0511 | mean_gc_loss=0.0000 | mean_cai_loss=0.2239
2026-08-05 09:44:43,791 Saved best checkpoint (val_loss=0.9701)
2026-08-05 10:01:41,983 Epoch 3/30 | train_loss=1.0460 | val_loss=0.9422 | elapsed=50.9min | train_ce=1.0348 | mean_gc_loss=0.0000 | mean_cai_loss=0.2242
2026-08-05 10:01:42,495 Saved best checkpoint (val_loss=0.9422)
2026-08-05 10:18:39,792 Epoch 4/30 | train_loss=1.0421 | val_loss=0.9345 | elapsed=67.9min | train_ce=1.0308 | mean_gc_loss=0.0000 | mean_cai_loss=0.2244
2026-08-05 10:18:40,276 Saved best checkpoint (val_loss=0.9345)
2026-08-05 10:35:40,149 Epoch 5/30 | train_loss=1.0370 | val_loss=0.9177 | elapsed=84.9min | train_ce=1.0258 | mean_gc_loss=0.0000 | mean_cai_loss=0.2245
2026-08-05 10:35:40,628 Saved best checkpoint (val_loss=0.9177)
2026-08-05 10:52:40,243 Epoch 6/30 | train_loss=1.0324 | val_loss=0.9144 | elapsed=101.9min | train_ce=1.0212 | mean_gc_loss=0.0000 | mean_cai_loss=0.2246
2026-08-05 10:52:40,732 Saved best checkpoint (val_loss=0.9144)
2026-08-05 11:09:40,582 Epoch 7/30 | train_loss=1.0306 | val_loss=0.9086 | elapsed=118.9min | train_ce=1.0193 | mean_gc_loss=0.0000 | mean_cai_loss=0.2248
2026-08-05 11:09:41,061 Saved best checkpoint (val_loss=0.9086)
2026-08-05 11:26:41,705 Epoch 8/30 | train_loss=1.0259 | val_loss=0.9008 | elapsed=135.9min | train_ce=1.0146 | mean_gc_loss=0.0000 | mean_cai_loss=0.2249
2026-08-05 11:26:42,202 Saved best checkpoint (val_loss=0.9008)
2026-08-05 11:43:43,476 Epoch 9/30 | train_loss=1.0236 | val_loss=0.8945 | elapsed=152.9min | train_ce=1.0124 | mean_gc_loss=0.0000 | mean_cai_loss=0.2250
2026-08-05 11:43:43,996 Saved best checkpoint (val_loss=0.8945)
2026-08-05 12:00:45,897 Epoch 10/30 | train_loss=1.0204 | val_loss=0.8935 | elapsed=170.0min | train_ce=1.0092 | mean_gc_loss=0.0000 | mean_cai_loss=0.2251
2026-08-05 12:00:46,422 Saved best checkpoint (val_loss=0.8935)
2026-08-05 12:17:48,590 Epoch 11/30 | train_loss=1.0173 | val_loss=0.8863 | elapsed=187.0min | train_ce=1.0061 | mean_gc_loss=0.0000 | mean_cai_loss=0.2253
2026-08-05 12:17:49,187 Saved best checkpoint (val_loss=0.8863)
2026-08-05 12:34:49,683 Epoch 12/30 | train_loss=1.0143 | val_loss=0.8839 | elapsed=204.0min | train_ce=1.0030 | mean_gc_loss=0.0000 | mean_cai_loss=0.2254
2026-08-05 12:34:50,280 Saved best checkpoint (val_loss=0.8839)
2026-08-05 12:51:52,121 Epoch 13/30 | train_loss=1.0109 | val_loss=0.8791 | elapsed=221.1min | train_ce=0.9997 | mean_gc_loss=0.0000 | mean_cai_loss=0.2256
2026-08-05 12:51:52,671 Saved best checkpoint (val_loss=0.8791)
2026-08-05 13:08:54,421 Epoch 14/30 | train_loss=1.0078 | val_loss=0.8744 | elapsed=238.1min | train_ce=0.9965 | mean_gc_loss=0.0000 | mean_cai_loss=0.2258
2026-08-05 13:08:54,958 Saved best checkpoint (val_loss=0.8744)
2026-08-05 13:25:55,864 Epoch 15/30 | train_loss=1.0048 | val_loss=0.8753 | elapsed=255.1min | train_ce=0.9935 | mean_gc_loss=0.0000 | mean_cai_loss=0.2259
2026-08-05 13:42:57,165 Epoch 16/30 | train_loss=1.0010 | val_loss=0.8717 | elapsed=272.1min | train_ce=0.9897 | mean_gc_loss=0.0000 | mean_cai_loss=0.2261
2026-08-05 13:42:57,641 Saved best checkpoint (val_loss=0.8717)
2026-08-05 13:59:59,461 Epoch 17/30 | train_loss=0.9975 | val_loss=0.8704 | elapsed=289.2min | train_ce=0.9862 | mean_gc_loss=0.0000 | mean_cai_loss=0.2263
2026-08-05 13:59:59,999 Saved best checkpoint (val_loss=0.8704)
2026-08-05 14:17:01,321 Epoch 18/30 | train_loss=0.9939 | val_loss=0.8696 | elapsed=306.2min | train_ce=0.9826 | mean_gc_loss=0.0000 | mean_cai_loss=0.2265
2026-08-05 14:17:01,865 Saved best checkpoint (val_loss=0.8696)
2026-08-05 14:34:03,920 Epoch 19/30 | train_loss=0.9902 | val_loss=0.8715 | elapsed=323.3min | train_ce=0.9789 | mean_gc_loss=0.0000 | mean_cai_loss=0.2268
2026-08-05 14:51:05,433 Epoch 20/30 | train_loss=0.9865 | val_loss=0.8697 | elapsed=340.3min | train_ce=0.9751 | mean_gc_loss=0.0000 | mean_cai_loss=0.2269
2026-08-05 15:08:06,213 Epoch 21/30 | train_loss=0.9827 | val_loss=0.8707 | elapsed=357.3min | train_ce=0.9713 | mean_gc_loss=0.0000 | mean_cai_loss=0.2272
2026-08-05 15:25:08,224 Epoch 22/30 | train_loss=0.9788 | val_loss=0.8726 | elapsed=374.3min | train_ce=0.9674 | mean_gc_loss=0.0000 | mean_cai_loss=0.2274
2026-08-05 15:42:10,902 Epoch 23/30 | train_loss=0.9750 | val_loss=0.8785 | elapsed=391.4min | train_ce=0.9636 | mean_gc_loss=0.0000 | mean_cai_loss=0.2277
2026-08-05 15:59:09,101 Epoch 24/30 | train_loss=0.9711 | val_loss=0.8773 | elapsed=408.3min | train_ce=0.9597 | mean_gc_loss=0.0000 | mean_cai_loss=0.2279
2026-08-05 16:16:10,965 Epoch 25/30 | train_loss=0.9673 | val_loss=0.8821 | elapsed=425.4min | train_ce=0.9559 | mean_gc_loss=0.0000 | mean_cai_loss=0.2281
2026-08-05 16:33:12,565 Epoch 26/30 | train_loss=0.9635 | val_loss=0.8860 | elapsed=442.4min | train_ce=0.9521 | mean_gc_loss=0.0000 | mean_cai_loss=0.2284
2026-08-05 16:50:13,992 Epoch 27/30 | train_loss=0.9600 | val_loss=0.8934 | elapsed=459.4min | train_ce=0.9485 | mean_gc_loss=0.0000 | mean_cai_loss=0.2286
2026-08-05 17:07:13,694 Epoch 28/30 | train_loss=0.9570 | val_loss=0.8968 | elapsed=476.4min | train_ce=0.9456 | mean_gc_loss=0.0000 | mean_cai_loss=0.2288
2026-08-05 17:07:13,945 Early stopping at epoch 28 (no improvement for 10 epochs)
2026-08-05 17:07:13,945 Training complete. Best val_loss=0.8696. Total time=476.4min
