2026-10-08 11:01:18,155 Run directory: C:\Users\Sravan\MItoDNA\MitoSeqGen\experiments\20261008_110118_ident70_strand_s1
2026-10-08 11:01:18,163 Environment: {'python_version': '3.10.11 (tags/v3.10.11:7d4cc5a, Apr  5 2023, 00:38:17) [MSC v.1929 64 bit (AMD64)]', 'torch_version': '2.3.0+cu118', 'platform': 'Windows-10-10.0.26200-SP0', 'cuda_available': True, 'gpu_name': 'NVIDIA GeForce RTX 3050', 'gpu_vram_gb': 8.59, 'cuda_version': '11.8'}
2026-10-08 11:01:29,419 device=cuda precision=bf16 cpu_count=28 num_workers=0
2026-10-08 11:01:29,419 Train records=113085 | Val records=929
2026-10-08 11:01:29,605 Model parameters: 25,203,908
2026-10-08 11:19:02,514 Epoch 1/13 | train_loss=2.1018 | val_loss=2.9300 | elapsed=17.5min
2026-10-08 11:19:03,054 Saved best checkpoint (val_loss=2.9300)
2026-10-08 11:36:33,811 Epoch 2/13 | train_loss=1.4545 | val_loss=1.8157 | elapsed=35.0min
2026-10-08 11:36:34,414 Saved best checkpoint (val_loss=1.8157)
2026-10-08 11:54:04,545 Epoch 3/13 | train_loss=1.0824 | val_loss=1.0063 | elapsed=52.6min
2026-10-08 11:54:05,117 Saved best checkpoint (val_loss=1.0063)
2026-10-08 12:11:38,898 Epoch 4/13 | train_loss=1.0313 | val_loss=0.9812 | elapsed=70.1min
2026-10-08 12:11:39,392 Saved best checkpoint (val_loss=0.9812)
2026-10-08 12:29:13,783 Epoch 5/13 | train_loss=1.0219 | val_loss=0.9743 | elapsed=87.7min
2026-10-08 12:29:14,303 Saved best checkpoint (val_loss=0.9743)
2026-10-08 12:47:14,626 Epoch 6/13 | train_loss=1.0162 | val_loss=0.9758 | elapsed=105.7min
2026-10-08 13:05:25,638 Epoch 7/13 | train_loss=1.0110 | val_loss=0.9777 | elapsed=123.9min
2026-10-08 13:23:40,544 Epoch 8/13 | train_loss=1.0065 | val_loss=0.9806 | elapsed=142.2min
2026-10-08 13:42:02,441 Epoch 9/13 | train_loss=1.0016 | val_loss=0.9818 | elapsed=160.5min
2026-10-08 13:42:03,051 Early stopping at epoch 9 (no improvement for 4 epochs)
2026-10-08 13:42:03,051 Training complete. Best val_loss=0.9743. Total time=160.5min
