2026-10-07 15:06:14,634 Run directory: C:\Users\Sravan\MItoDNA\MitoSeqGen\experiments\20261007_150614_ident70_strand
2026-10-07 15:06:14,653 Environment: {'python_version': '3.10.11 (tags/v3.10.11:7d4cc5a, Apr  5 2023, 00:38:17) [MSC v.1929 64 bit (AMD64)]', 'torch_version': '2.3.0+cu118', 'platform': 'Windows-10-10.0.26200-SP0', 'cuda_available': True, 'gpu_name': 'NVIDIA GeForce RTX 3050', 'gpu_vram_gb': 8.59, 'cuda_version': '11.8'}
2026-10-07 15:06:24,357 device=cuda precision=bf16 cpu_count=28 num_workers=0
2026-10-07 15:06:24,357 Train records=113085 | Val records=929
2026-10-07 15:06:24,513 Model parameters: 25,203,908
2026-10-07 15:23:56,985 Epoch 1/30 | train_loss=2.0998 | val_loss=2.9002 | elapsed=17.5min
2026-10-07 15:23:57,420 Saved best checkpoint (val_loss=2.9002)
2026-10-07 15:41:28,347 Epoch 2/30 | train_loss=1.4853 | val_loss=2.6730 | elapsed=35.0min
2026-10-07 15:41:28,826 Saved best checkpoint (val_loss=2.6730)
2026-10-07 15:58:59,970 Epoch 3/30 | train_loss=1.1369 | val_loss=1.0239 | elapsed=52.6min
2026-10-07 15:59:00,495 Saved best checkpoint (val_loss=1.0239)
2026-10-07 16:16:55,166 Epoch 4/30 | train_loss=1.0383 | val_loss=1.0054 | elapsed=70.5min
2026-10-07 16:16:55,696 Saved best checkpoint (val_loss=1.0054)
2026-10-07 16:34:28,557 Epoch 5/30 | train_loss=1.0283 | val_loss=0.9935 | elapsed=88.0min
2026-10-07 16:34:29,114 Saved best checkpoint (val_loss=0.9935)
2026-10-07 16:52:04,068 Epoch 6/30 | train_loss=1.0218 | val_loss=0.9817 | elapsed=105.6min
2026-10-07 16:52:04,559 Saved best checkpoint (val_loss=0.9817)
2026-10-07 17:09:40,037 Epoch 7/30 | train_loss=1.0182 | val_loss=0.9857 | elapsed=123.2min
2026-10-07 17:27:15,878 Epoch 8/30 | train_loss=1.0147 | val_loss=0.9814 | elapsed=140.8min
2026-10-07 17:27:16,420 Saved best checkpoint (val_loss=0.9814)
2026-10-07 17:44:52,004 Epoch 9/30 | train_loss=1.0102 | val_loss=0.9751 | elapsed=158.4min
2026-10-07 17:44:52,572 Saved best checkpoint (val_loss=0.9751)
2026-10-07 18:02:27,415 Epoch 10/30 | train_loss=1.0072 | val_loss=0.9844 | elapsed=176.0min
2026-10-07 18:20:06,315 Epoch 11/30 | train_loss=1.0039 | val_loss=0.9813 | elapsed=193.7min
2026-10-07 18:38:16,511 Epoch 12/30 | train_loss=1.0009 | val_loss=0.9882 | elapsed=211.8min
2026-10-07 18:56:26,685 Epoch 13/30 | train_loss=0.9976 | val_loss=0.9850 | elapsed=230.0min
2026-10-07 19:14:37,423 Epoch 14/30 | train_loss=0.9948 | val_loss=0.9905 | elapsed=248.2min
2026-10-07 19:32:48,699 Epoch 15/30 | train_loss=0.9915 | val_loss=0.9923 | elapsed=266.4min
2026-10-07 19:51:00,057 Epoch 16/30 | train_loss=0.9885 | val_loss=0.9962 | elapsed=284.6min
2026-10-07 20:08:47,912 Epoch 17/30 | train_loss=0.9853 | val_loss=1.0013 | elapsed=302.4min
2026-10-07 20:26:20,909 Epoch 18/30 | train_loss=0.9823 | val_loss=1.0126 | elapsed=319.9min
2026-10-07 20:43:54,187 Epoch 19/30 | train_loss=0.9791 | val_loss=1.0158 | elapsed=337.5min
2026-10-07 20:43:54,438 Early stopping at epoch 19 (no improvement for 10 epochs)
2026-10-07 20:43:54,438 Training complete. Best val_loss=0.9751. Total time=337.5min
