=== seed sweep started 2026-10-08T09:15:55+05:30 ===
[train] ident70_none_s1 2026-10-08T09:15:55+05:30
2026-10-08 09:15:56,831 Run directory: C:\Users\Sravan\MItoDNA\MitoSeqGen\experiments\20261008_091556_ident70_none_s1
2026-10-08 09:15:56,853 Environment: {'python_version': '3.10.11 (tags/v3.10.11:7d4cc5a, Apr  5 2023, 00:38:17) [MSC v.1929 64 bit (AMD64)]', 'torch_version': '2.3.0+cu118', 'platform': 'Windows-10-10.0.26200-SP0', 'cuda_available': True, 'gpu_name': 'NVIDIA GeForce RTX 3050', 'gpu_vram_gb': 8.59, 'cuda_version': '11.8'}
2026-10-08 09:16:07,069 device=cuda precision=bf16 cpu_count=28 num_workers=0
2026-10-08 09:16:07,070 Train records=113085 | Val records=929
C:\Users\Sravan\AppData\Local\Programs\Python\Python310\lib\site-packages\torch\nn\modules\transformer.py:306: UserWarning: enable_nested_tensor is True, but self.use_nested_tensor is False because encoder_layer.self_attn.batch_first was not True(use batch_first for better inference performance)
  warnings.warn(f"enable_nested_tensor is True, but self.use_nested_tensor is False because {why_not_sparsity_fast_path}")
2026-10-08 09:16:07,283 Model parameters: 25,203,140
C:\Users\Sravan\AppData\Local\Programs\Python\Python310\lib\site-packages\torch\nn\functional.py:5504: UserWarning: 1Torch was not compiled with flash attention. (Triggered internally at ..\aten\src\ATen\native\transformers\cuda\sdp_utils.cpp:455.)
  attn_output = scaled_dot_product_attention(q, k, v, attn_mask, dropout_p, is_causal)
2026-10-08 09:33:42,365 Epoch 1/13 | train_loss=1.8251 | val_loss=1.0003 | elapsed=17.5min
2026-10-08 09:33:42,802 Saved best checkpoint (val_loss=1.0003)
2026-10-08 09:51:14,766 Epoch 2/13 | train_loss=1.0477 | val_loss=0.9725 | elapsed=35.1min
2026-10-08 09:51:15,242 Saved best checkpoint (val_loss=0.9725)
2026-10-08 10:08:45,955 Epoch 3/13 | train_loss=1.0335 | val_loss=0.9828 | elapsed=52.6min
2026-10-08 10:26:14,051 Epoch 4/13 | train_loss=1.0247 | val_loss=0.9744 | elapsed=70.1min
2026-10-08 10:43:42,736 Epoch 5/13 | train_loss=1.0202 | val_loss=0.9756 | elapsed=87.6min
2026-10-08 11:01:11,735 Epoch 6/13 | train_loss=1.0149 | val_loss=0.9810 | elapsed=105.0min
2026-10-08 11:01:12,019 Early stopping at epoch 6 (no improvement for 4 epochs)
2026-10-08 11:01:12,019 Training complete. Best val_loss=0.9725. Total time=105.0min
[eval] ident70_none_s1 2026-10-08T11:01:12+05:30
Traceback (most recent call last):
  File "C:\Users\Sravan\MItoDNA\MitoSeqGen\scripts\evaluate_model_split.py", line 176, in <module>
    main()
  File "C:\Users\Sravan\MItoDNA\MitoSeqGen\scripts\evaluate_model_split.py", line 85, in main
    test_idx = json.load(open(ROOT / f"data/splits/{args.test_split}"))["indices"]
FileNotFoundError: [Errno 2] No such file or directory: 'C:\\Users\\Sravan\\MItoDNA\\MitoSeqGen\\data\\splits\\data\\splits\\test_ident70_per_gene.json'
[FAIL-eval] ident70_none_s1
[train] ident70_strand_s1 2026-10-08T11:01:17+05:30
2026-10-08 11:01:18,155 Run directory: C:\Users\Sravan\MItoDNA\MitoSeqGen\experiments\20261008_110118_ident70_strand_s1
2026-10-08 11:01:18,163 Environment: {'python_version': '3.10.11 (tags/v3.10.11:7d4cc5a, Apr  5 2023, 00:38:17) [MSC v.1929 64 bit (AMD64)]', 'torch_version': '2.3.0+cu118', 'platform': 'Windows-10-10.0.26200-SP0', 'cuda_available': True, 'gpu_name': 'NVIDIA GeForce RTX 3050', 'gpu_vram_gb': 8.59, 'cuda_version': '11.8'}
2026-10-08 11:01:29,419 device=cuda precision=bf16 cpu_count=28 num_workers=0
2026-10-08 11:01:29,419 Train records=113085 | Val records=929
C:\Users\Sravan\AppData\Local\Programs\Python\Python310\lib\site-packages\torch\nn\modules\transformer.py:306: UserWarning: enable_nested_tensor is True, but self.use_nested_tensor is False because encoder_layer.self_attn.batch_first was not True(use batch_first for better inference performance)
  warnings.warn(f"enable_nested_tensor is True, but self.use_nested_tensor is False because {why_not_sparsity_fast_path}")
2026-10-08 11:01:29,605 Model parameters: 25,203,908
C:\Users\Sravan\AppData\Local\Programs\Python\Python310\lib\site-packages\torch\nn\functional.py:5504: UserWarning: 1Torch was not compiled with flash attention. (Triggered internally at ..\aten\src\ATen\native\transformers\cuda\sdp_utils.cpp:455.)
  attn_output = scaled_dot_product_attention(q, k, v, attn_mask, dropout_p, is_causal)
2026-10-08 11:19:02,514 Epoch 1/13 | train_loss=2.1018 | val_loss=2.9300 | elapsed=17.5min
2026-10-08 11:19:03,054 Saved best checkpoint (val_loss=2.9300)
2026-10-08 11:36:33,811 Epoch 2/13 | train_loss=1.4545 | val_loss=1.8157 | elapsed=35.0min
2026-10-08 11:36:34,414 Saved best checkpoint (val_loss=1.8157)
2026-10-08 11:54:04,545 Epoch 3/13 | train_loss=1.0824 | val_loss=1.0063 | elapsed=52.6min
2026-10-08 11:54:05,117 Saved best checkpoint (val_loss=1.0063)
2026-10-08 12:11:38,898 Epoch 4/13 | train_loss=1.0313 | val_loss=0.9812 | elapsed=70.1min
2026-10-08 12:11:39,392 Saved best checkpoint (val_loss=0.9812)
2026-10-08 12:29:13,783 Epoch 5/13 | train_loss=1.0219 | val_loss=0.9743 | elapsed=87.7min
2026-10-08 12:29:14,303 Saved best checkpoint (val_loss=0.9743)
2026-10-08 12:47:14,626 Epoch 6/13 | train_loss=1.0162 | val_loss=0.9758 | elapsed=105.7min
2026-10-08 13:05:25,638 Epoch 7/13 | train_loss=1.0110 | val_loss=0.9777 | elapsed=123.9min
2026-10-08 13:23:40,544 Epoch 8/13 | train_loss=1.0065 | val_loss=0.9806 | elapsed=142.2min
2026-10-08 13:42:02,441 Epoch 9/13 | train_loss=1.0016 | val_loss=0.9818 | elapsed=160.5min
2026-10-08 13:42:03,051 Early stopping at epoch 9 (no improvement for 4 epochs)
2026-10-08 13:42:03,051 Training complete. Best val_loss=0.9743. Total time=160.5min
[eval] ident70_strand_s1 2026-10-08T13:42:05+05:30
Traceback (most recent call last):
  File "C:\Users\Sravan\MItoDNA\MitoSeqGen\scripts\evaluate_model_split.py", line 176, in <module>
    main()
  File "C:\Users\Sravan\MItoDNA\MitoSeqGen\scripts\evaluate_model_split.py", line 85, in main
    test_idx = json.load(open(ROOT / f"data/splits/{args.test_split}"))["indices"]
FileNotFoundError: [Errno 2] No such file or directory: 'C:\\Users\\Sravan\\MItoDNA\\MitoSeqGen\\data\\splits\\data\\splits\\test_ident70_per_gene.json'
[FAIL-eval] ident70_strand_s1
[train] ident70_none_s2 2026-10-08T13:42:15+05:30
2026-10-08 13:42:18,765 Run directory: C:\Users\Sravan\MItoDNA\MitoSeqGen\experiments\20261008_134218_ident70_none_s2
2026-10-08 13:42:18,795 Environment: {'python_version': '3.10.11 (tags/v3.10.11:7d4cc5a, Apr  5 2023, 00:38:17) [MSC v.1929 64 bit (AMD64)]', 'torch_version': '2.3.0+cu118', 'platform': 'Windows-10-10.0.26200-SP0', 'cuda_available': True, 'gpu_name': 'NVIDIA GeForce RTX 3050', 'gpu_vram_gb': 8.59, 'cuda_version': '11.8'}
2026-10-08 13:42:44,253 device=cuda precision=bf16 cpu_count=28 num_workers=0
2026-10-08 13:42:44,253 Train records=113085 | Val records=929
C:\Users\Sravan\AppData\Local\Programs\Python\Python310\lib\site-packages\torch\nn\modules\transformer.py:306: UserWarning: enable_nested_tensor is True, but self.use_nested_tensor is False because encoder_layer.self_attn.batch_first was not True(use batch_first for better inference performance)
  warnings.warn(f"enable_nested_tensor is True, but self.use_nested_tensor is False because {why_not_sparsity_fast_path}")
2026-10-08 13:42:44,553 Model parameters: 25,203,140
C:\Users\Sravan\AppData\Local\Programs\Python\Python310\lib\site-packages\torch\nn\functional.py:5504: UserWarning: 1Torch was not compiled with flash attention. (Triggered internally at ..\aten\src\ATen\native\transformers\cuda\sdp_utils.cpp:455.)
  attn_output = scaled_dot_product_attention(q, k, v, attn_mask, dropout_p, is_causal)
2026-10-08 14:01:10,307 Epoch 1/13 | train_loss=1.7996 | val_loss=1.0110 | elapsed=18.3min
2026-10-08 14:01:11,389 Saved best checkpoint (val_loss=1.0110)
2026-10-08 14:19:25,425 Epoch 2/13 | train_loss=1.0500 | val_loss=0.9850 | elapsed=36.6min
2026-10-08 14:19:26,631 Saved best checkpoint (val_loss=0.9850)
2026-10-08 14:37:39,087 Epoch 3/13 | train_loss=1.0316 | val_loss=0.9728 | elapsed=54.8min
2026-10-08 14:37:40,326 Saved best checkpoint (val_loss=0.9728)
2026-10-08 14:55:59,900 Epoch 4/13 | train_loss=1.0249 | val_loss=0.9735 | elapsed=73.2min
2026-10-08 15:14:06,915 Epoch 5/13 | train_loss=1.0199 | val_loss=0.9744 | elapsed=91.3min
2026-10-08 15:32:19,633 Epoch 6/13 | train_loss=1.0147 | val_loss=0.9788 | elapsed=109.5min
2026-10-08 15:50:34,338 Epoch 7/13 | train_loss=1.0100 | val_loss=0.9801 | elapsed=127.7min
2026-10-08 15:50:34,948 Early stopping at epoch 7 (no improvement for 4 epochs)
2026-10-08 15:50:34,948 Training complete. Best val_loss=0.9728. Total time=127.8min
[eval] ident70_none_s2 2026-10-08T15:50:37+05:30
Traceback (most recent call last):
  File "C:\Users\Sravan\MItoDNA\MitoSeqGen\scripts\evaluate_model_split.py", line 176, in <module>
    main()
  File "C:\Users\Sravan\MItoDNA\MitoSeqGen\scripts\evaluate_model_split.py", line 85, in main
    test_idx = json.load(open(ROOT / f"data/splits/{args.test_split}"))["indices"]
FileNotFoundError: [Errno 2] No such file or directory: 'C:\\Users\\Sravan\\MItoDNA\\MitoSeqGen\\data\\splits\\data\\splits\\test_ident70_per_gene.json'
[FAIL-eval] ident70_none_s2
[train] ident70_strand_s2 2026-10-08T15:50:48+05:30
2026-10-08 15:50:52,047 Run directory: C:\Users\Sravan\MItoDNA\MitoSeqGen\experiments\20261008_155052_ident70_strand_s2
2026-10-08 15:50:52,091 Environment: {'python_version': '3.10.11 (tags/v3.10.11:7d4cc5a, Apr  5 2023, 00:38:17) [MSC v.1929 64 bit (AMD64)]', 'torch_version': '2.3.0+cu118', 'platform': 'Windows-10-10.0.26200-SP0', 'cuda_available': True, 'gpu_name': 'NVIDIA GeForce RTX 3050', 'gpu_vram_gb': 8.59, 'cuda_version': '11.8'}
2026-10-08 15:51:18,669 device=cuda precision=bf16 cpu_count=28 num_workers=0
2026-10-08 15:51:18,669 Train records=113085 | Val records=929
C:\Users\Sravan\AppData\Local\Programs\Python\Python310\lib\site-packages\torch\nn\modules\transformer.py:306: UserWarning: enable_nested_tensor is True, but self.use_nested_tensor is False because encoder_layer.self_attn.batch_first was not True(use batch_first for better inference performance)
  warnings.warn(f"enable_nested_tensor is True, but self.use_nested_tensor is False because {why_not_sparsity_fast_path}")
2026-10-08 15:51:18,949 Model parameters: 25,203,908
C:\Users\Sravan\AppData\Local\Programs\Python\Python310\lib\site-packages\torch\nn\functional.py:5504: UserWarning: 1Torch was not compiled with flash attention. (Triggered internally at ..\aten\src\ATen\native\transformers\cuda\sdp_utils.cpp:455.)
  attn_output = scaled_dot_product_attention(q, k, v, attn_mask, dropout_p, is_causal)
2026-10-08 16:09:43,908 Epoch 1/13 | train_loss=2.1071 | val_loss=2.8853 | elapsed=18.3min
2026-10-08 16:09:45,051 Saved best checkpoint (val_loss=2.8853)
2026-10-08 16:28:05,849 Epoch 2/13 | train_loss=1.4870 | val_loss=2.7862 | elapsed=36.7min
2026-10-08 16:28:07,067 Saved best checkpoint (val_loss=2.7862)
2026-10-08 16:46:28,661 Epoch 3/13 | train_loss=1.2075 | val_loss=1.0907 | elapsed=55.1min
2026-10-08 16:46:29,880 Saved best checkpoint (val_loss=1.0907)
2026-10-08 17:04:43,273 Epoch 4/13 | train_loss=1.0467 | val_loss=1.0172 | elapsed=73.3min
2026-10-08 17:04:44,547 Saved best checkpoint (val_loss=1.0172)
2026-10-08 17:23:01,730 Epoch 5/13 | train_loss=1.0303 | val_loss=1.0049 | elapsed=91.6min
2026-10-08 17:23:02,948 Saved best checkpoint (val_loss=1.0049)
